This is pdfTeX, Version 3.14159265-2.6-1.40.21 (TeX Live 2020) (preloaded format=pdflatex)
 restricted \write18 enabled.
entering extended mode
(./title-page-ai.tex
LaTeX2e <2020-10-01> patch level 4
L3 programming layer <2021-02-18>
(/usr/share/texlive/texmf-dist/tex/latex/base/report.cls
Document Class: report 2020/04/10 v1.4m Standard LaTeX document class
(/usr/share/texlive/texmf-dist/tex/latex/base/size12.clo))
(/usr/share/texlive/texmf-dist/tex/latex/graphics/graphicx.sty
(/usr/share/texlive/texmf-dist/tex/latex/graphics/keyval.sty)
(/usr/share/texlive/texmf-dist/tex/latex/graphics/graphics.sty
(/usr/share/texlive/texmf-dist/tex/latex/graphics/trig.sty)
(/usr/share/texlive/texmf-dist/tex/latex/graphics-cfg/graphics.cfg)
(/usr/share/texlive/texmf-dist/tex/latex/graphics-def/pdftex.def)))
(/usr/share/texlive/texmf-dist/tex/latex/graphics/color.sty
(/usr/share/texlive/texmf-dist/tex/latex/graphics-cfg/color.cfg))
(/usr/share/texlive/texmf-dist/tex/latex/base/fontenc.sty)
(/usr/share/texlive/texmf-dist/tex/latex/base/inputenc.sty)
(/usr/share/texlive/texmf-dist/tex/generic/babel/babel.sty
(/usr/share/texlive/texmf-dist/tex/generic/babel/babel.def
(/usr/share/texlive/texmf-dist/tex/generic/babel/txtbabel.def))
(/usr/share/texlive/texmf-dist/tex/generic/babel-english/english.ldf))
(/usr/share/texlive/texmf-dist/tex/latex/geometry/geometry.sty
(/usr/share/texlive/texmf-dist/tex/generic/iftex/ifvtex.sty
(/usr/share/texlive/texmf-dist/tex/generic/iftex/iftex.sty)))
(/usr/share/texlive/texmf-dist/tex/latex/amsmath/amsmath.sty
For additional information on amsmath, use the `?' option.
(/usr/share/texlive/texmf-dist/tex/latex/amsmath/amstext.sty
(/usr/share/texlive/texmf-dist/tex/latex/amsmath/amsgen.sty))
(/usr/share/texlive/texmf-dist/tex/latex/amsmath/amsbsy.sty)
(/usr/share/texlive/texmf-dist/tex/latex/amsmath/amsopn.sty))
(/usr/share/texlive/texmf-dist/tex/latex/amsfonts/amssymb.sty
(/usr/share/texlive/texmf-dist/tex/latex/amsfonts/amsfonts.sty))
(/usr/share/texlive/texmf-dist/tex/latex/url/url.sty)
(/usr/share/texlive/texmf-dist/tex/latex/hyperref/hyperref.sty
(/usr/share/texlive/texmf-dist/tex/generic/ltxcmds/ltxcmds.sty)
(/usr/share/texlive/texmf-dist/tex/generic/pdftexcmds/pdftexcmds.sty
(/usr/share/texlive/texmf-dist/tex/generic/infwarerr/infwarerr.sty))
(/usr/share/texlive/texmf-dist/tex/generic/kvsetkeys/kvsetkeys.sty)
(/usr/share/texlive/texmf-dist/tex/generic/kvdefinekeys/kvdefinekeys.sty)
(/usr/share/texlive/texmf-dist/tex/generic/pdfescape/pdfescape.sty)
(/usr/share/texlive/texmf-dist/tex/latex/hycolor/hycolor.sty)
(/usr/share/texlive/texmf-dist/tex/latex/letltxmacro/letltxmacro.sty)
(/usr/share/texlive/texmf-dist/tex/latex/auxhook/auxhook.sty)
(/usr/share/texlive/texmf-dist/tex/latex/kvoptions/kvoptions.sty)
(/usr/share/texlive/texmf-dist/tex/latex/hyperref/pd1enc.def)
(/usr/share/texlive/texmf-dist/tex/latex/hyperref/hyperref-langpatches.def)
(/usr/share/texlive/texmf-dist/tex/generic/intcalc/intcalc.sty)
(/usr/share/texlive/texmf-dist/tex/generic/etexcmds/etexcmds.sty)
(/usr/share/texlive/texmf-dist/tex/latex/hyperref/puenc.def)
(/usr/share/texlive/texmf-dist/tex/generic/bitset/bitset.sty
(/usr/share/texlive/texmf-dist/tex/generic/bigintcalc/bigintcalc.sty))
(/usr/share/texlive/texmf-dist/tex/latex/base/atbegshi-ltx.sty))
(/usr/share/texlive/texmf-dist/tex/latex/hyperref/hpdftex.def
(/usr/share/texlive/texmf-dist/tex/latex/base/atveryend-ltx.sty)
(/usr/share/texlive/texmf-dist/tex/latex/rerunfilecheck/rerunfilecheck.sty
(/usr/share/texlive/texmf-dist/tex/generic/uniquecounter/uniquecounter.sty)))
(/home/acolombo/texmf/tex/latex/cleveref/cleveref.sty)
(/usr/share/texlive/texmf-dist/tex/latex/l3backend/l3backend-pdftex.def)
(./title-page-ai.aux)
(/usr/share/texlive/texmf-dist/tex/context/base/mkii/supp-pdf.mkii
[Loading MPS to PDF converter (version 2006.09.02).]
) (/usr/share/texlive/texmf-dist/tex/latex/epstopdf-pkg/epstopdf-base.sty
(/usr/share/texlive/texmf-dist/tex/latex/latexconfig/epstopdf-sys.cfg))
*geometry* driver: auto-detecting
*geometry* detected driver: pdftex
(/usr/share/texlive/texmf-dist/tex/latex/hyperref/nameref.sty
(/usr/share/texlive/texmf-dist/tex/latex/refcount/refcount.sty)
(/usr/share/texlive/texmf-dist/tex/generic/gettitlestring/gettitlestring.sty))
(./title-page-ai.out) (./title-page-ai.out) [1{/usr/share/texlive/texmf-dist/fo
nts/map/pdftex/updmap/pdftex.map} <./uvalogo_regular_p_nl-eps-converted-to.pdf>
] (./title-page-ai.toc
(/usr/share/texlive/texmf-dist/tex/latex/amsfonts/umsa.fd)
(/usr/share/texlive/texmf-dist/tex/latex/amsfonts/umsb.fd) [1]) [2]pdfTeX warni
ng (ext4): destination with the same identifier (name{page.i}) has been already
 used, duplicate ignored
<to be read again> 
                   \relax 
l.180 \end{abstract}
                     [1]
Chapter 1.
pdfTeX warning (ext4): destination with the same identifier (name{page.1}) has 
been already used, duplicate ignored
<to be read again> 
                   \relax 
l.199 
       [1] [2]
Chapter 2.
[3] [4] [5]
Chapter 3.
[6] [7] [8] [9]
Chapter 4.
[10] [11] [12 <./thesis/aggregation.png>] [13] [14 <./thesis/scheme.png>]
Overfull \hbox (21.81642pt too wide) in paragraph at lines 477--477
[]\T1/cmr/bx/n/14.4 The Dis-counted Hy-per-bolic Straight-Through Es-ti-ma-tor 
(d-HSTE) 
[15]

LaTeX Warning: Reference `eq:block_hste' on page 16 undefined on input line 501
.

[16] [17]
Chapter 5.
(/usr/share/texlive/texmf-dist/tex/latex/base/t1cmtt.fd) [18]
Overfull \hbox (2.40944pt too wide) in paragraph at lines 533--534
\T1/cmr/m/n/12 (\T1/cmtt/m/n/12 --code_max_radius 0.9\T1/cmr/m/n/12 , \T1/cmtt/
m/n/12 --tangent_proj\T1/cmr/m/n/12 , \T1/cmtt/m/n/12 --encoder_scale -1\T1/cmr
/m/n/12 , and \T1/cmtt/m/n/12 --uniform \T1/cmr/m/n/12 quantizer-depth
[19]
Overfull \hbox (32.15785pt too wide) in paragraph at lines 568--569
\T1/cmr/m/n/12 The au-dio task is a SoundStream-style neu-ral codec [[], []] tr
ained on the Lib-riTTS \T1/cmtt/m/n/12 train-clean-100
[20]
Overfull \hbox (48.41496pt too wide) in paragraph at lines 594--608
 [][] 
[21] [22]
Chapter 6.

LaTeX Warning: Reference `sec:abl_crosstask' on page 23 undefined on input line
 637.

[23]
Overfull \hbox (149.74121pt too wide) in paragraph at lines 682--692
 [][] 
[24] [25]

LaTeX Warning: `h' float specifier changed to `ht'.


LaTeX Warning: Reference `eq:block_hste' on page 26 undefined on input line 798
.

[26]

LaTeX Warning: `h' float specifier changed to `ht'.

[27] [28]
Chapter 7.
[29]

LaTeX Warning: `h' float specifier changed to `ht'.


LaTeX Warning: `h' float specifier changed to `ht'.

[30] [31]
Chapter 8.
[32]
Appendix A.

LaTeX Warning: Reference `eq:block_hste' on page 33 undefined on input line 934
.

[33] [34] (./title-page-ai.bbl [35] [36] [37]) [38] (./title-page-ai.aux)

LaTeX Warning: There were undefined references.


LaTeX Warning: Label(s) may have changed. Rerun to get cross-references right.

 )
(see the transcript file for additional information){/usr/share/texlive/texmf-d
ist/fonts/enc/dvips/cm-super/cm-super-ts1.enc}{/usr/share/texlive/texmf-dist/fo
nts/enc/dvips/cm-super/cm-super-t1.enc}</usr/share/texlive/texmf-dist/fonts/typ
e1/public/amsfonts/cm/cmbsy10.pfb></usr/share/texlive/texmf-dist/fonts/type1/pu
blic/amsfonts/cm/cmbx12.pfb></usr/share/texlive/texmf-dist/fonts/type1/public/a
msfonts/cm/cmex10.pfb></usr/share/texlive/texmf-dist/fonts/type1/public/amsfont
s/cm/cmmi10.pfb></usr/share/texlive/texmf-dist/fonts/type1/public/amsfonts/cm/c
mmi12.pfb></usr/share/texlive/texmf-dist/fonts/type1/public/amsfonts/cm/cmmi6.p
fb></usr/share/texlive/texmf-dist/fonts/type1/public/amsfonts/cm/cmmi8.pfb></us
r/share/texlive/texmf-dist/fonts/type1/public/amsfonts/cm/cmr10.pfb></usr/share
/texlive/texmf-dist/fonts/type1/public/amsfonts/cm/cmr12.pfb></usr/share/texliv
e/texmf-dist/fonts/type1/public/amsfonts/cm/cmr6.pfb></usr/share/texlive/texmf-
dist/fonts/type1/public/amsfonts/cm/cmr8.pfb></usr/share/texlive/texmf-dist/fon
ts/type1/public/amsfonts/cm/cmsy10.pfb></usr/share/texlive/texmf-dist/fonts/typ
e1/public/amsfonts/cm/cmsy6.pfb></usr/share/texlive/texmf-dist/fonts/type1/publ
ic/amsfonts/cm/cmsy8.pfb></usr/share/texlive/texmf-dist/fonts/type1/public/amsf
onts/symbols/msbm10.pfb></usr/share/texlive/texmf-dist/fonts/type1/public/cm-su
per/sfbx1200.pfb></usr/share/texlive/texmf-dist/fonts/type1/public/cm-super/sfb
x1440.pfb></usr/share/texlive/texmf-dist/fonts/type1/public/cm-super/sfbx1728.p
fb></usr/share/texlive/texmf-dist/fonts/type1/public/cm-super/sfbx2488.pfb></us
r/share/texlive/texmf-dist/fonts/type1/public/cm-super/sfcc1440.pfb></usr/share
/texlive/texmf-dist/fonts/type1/public/cm-super/sfcc1728.pfb></usr/share/texliv
e/texmf-dist/fonts/type1/public/cm-super/sfrm0700.pfb></usr/share/texlive/texmf
-dist/fonts/type1/public/cm-super/sfrm0800.pfb></usr/share/texlive/texmf-dist/f
onts/type1/public/cm-super/sfrm1000.pfb></usr/share/texlive/texmf-dist/fonts/ty
pe1/public/cm-super/sfrm1095.pfb></usr/share/texlive/texmf-dist/fonts/type1/pub
lic/cm-super/sfrm1200.pfb></usr/share/texlive/texmf-dist/fonts/type1/public/cm-
super/sfrm1440.pfb></usr/share/texlive/texmf-dist/fonts/type1/public/cm-super/s
frm1728.pfb></usr/share/texlive/texmf-dist/fonts/type1/public/cm-super/sfti1200
.pfb></usr/share/texlive/texmf-dist/fonts/type1/public/cm-super/sfti1440.pfb></
usr/share/texlive/texmf-dist/fonts/type1/public/cm-super/sftt1000.pfb></usr/sha
re/texlive/texmf-dist/fonts/type1/public/cm-super/sftt1200.pfb>
Output written on title-page-ai.pdf (42 pages, 918063 bytes).
Transcript written on title-page-ai.log.
