\BOOKMARK [0][-]{chapter.1}{\376\377\000I\000n\000t\000r\000o\000d\000u\000c\000t\000i\000o\000n}{}% 1
\BOOKMARK [0][-]{chapter.2}{\376\377\000R\000e\000l\000a\000t\000e\000d\000\040\000W\000o\000r\000k}{}% 2
\BOOKMARK [1][-]{section.2.1}{\376\377\000V\000e\000c\000t\000o\000r\000\040\000Q\000u\000a\000n\000t\000i\000z\000a\000t\000i\000o\000n}{chapter.2}% 3
\BOOKMARK [1][-]{section.2.2}{\376\377\000R\000e\000s\000i\000d\000u\000a\000l\000\040\000V\000e\000c\000t\000o\000r\000\040\000Q\000u\000a\000n\000t\000i\000z\000a\000t\000i\000o\000n}{chapter.2}% 4
\BOOKMARK [1][-]{section.2.3}{\376\377\000H\000y\000p\000e\000r\000b\000o\000l\000i\000c\000\040\000R\000e\000p\000r\000e\000s\000e\000n\000t\000a\000t\000i\000o\000n\000\040\000L\000e\000a\000r\000n\000i\000n\000g}{chapter.2}% 5
\BOOKMARK [0][-]{chapter.3}{\376\377\000P\000r\000e\000l\000i\000m\000i\000n\000a\000r\000i\000e\000s}{}% 6
\BOOKMARK [1][-]{section.3.1}{\376\377\000V\000e\000c\000t\000o\000r\000-\000Q\000u\000a\000n\000t\000i\000z\000e\000d\000\040\000V\000a\000r\000i\000a\000t\000i\000o\000n\000a\000l\000\040\000A\000u\000t\000o\000e\000n\000c\000o\000d\000e\000r\000s}{chapter.3}% 7
\BOOKMARK [1][-]{section.3.2}{\376\377\000R\000e\000s\000i\000d\000u\000a\000l\000\040\000V\000e\000c\000t\000o\000r\000\040\000Q\000u\000a\000n\000t\000i\000z\000a\000t\000i\000o\000n}{chapter.3}% 8
\BOOKMARK [1][-]{section.3.3}{\376\377\000H\000y\000p\000e\000r\000b\000o\000l\000i\000c\000\040\000G\000e\000o\000m\000e\000t\000r\000y}{chapter.3}% 9
\BOOKMARK [2][-]{subsection.3.3.1}{\376\377\000T\000h\000e\000\040\000P\000o\000i\000n\000c\000a\000r\000\351\000\040\000B\000a\000l\000l\000\040\000M\000o\000d\000e\000l}{section.3.3}% 10
\BOOKMARK [2][-]{subsection.3.3.2}{\376\377\000G\000y\000r\000o\000v\000e\000c\000t\000o\000r\000\040\000S\000p\000a\000c\000e\000s\000\040\000a\000n\000d\000\040\000M\000\366\000b\000i\000u\000s\000\040\000O\000p\000e\000r\000a\000t\000i\000o\000n\000s}{section.3.3}% 11
\BOOKMARK [2][-]{subsection.3.3.3}{\376\377\000G\000e\000o\000d\000e\000s\000i\000c\000\040\000D\000i\000s\000t\000a\000n\000c\000e}{section.3.3}% 12
\BOOKMARK [2][-]{subsection.3.3.4}{\376\377\000T\000a\000n\000g\000e\000n\000t\000\040\000S\000p\000a\000c\000e\000s\000\040\000a\000n\000d\000\040\000t\000h\000e\000\040\000E\000x\000p\000o\000n\000e\000n\000t\000i\000a\000l\000\040\000a\000n\000d\000\040\000L\000o\000g\000a\000r\000i\000t\000h\000m\000i\000c\000\040\000M\000a\000p\000s}{section.3.3}% 13
\BOOKMARK [2][-]{subsection.3.3.5}{\376\377\000P\000a\000r\000a\000l\000l\000e\000l\000\040\000T\000r\000a\000n\000s\000p\000o\000r\000t}{section.3.3}% 14
\BOOKMARK [2][-]{subsection.3.3.6}{\376\377\000R\000i\000e\000m\000a\000n\000n\000i\000a\000n\000\040\000G\000r\000a\000d\000i\000e\000n\000t\000s}{section.3.3}% 15
\BOOKMARK [0][-]{chapter.4}{\376\377\000M\000e\000t\000h\000o\000d}{}% 16
\BOOKMARK [1][-]{section.4.1}{\376\377\000H\000y\000p\000e\000r\000b\000o\000l\000i\000c\000\040\000R\000e\000s\000i\000d\000u\000a\000l\000\040\000A\000g\000g\000r\000e\000g\000a\000t\000i\000o\000n}{chapter.4}% 17
\BOOKMARK [1][-]{section.4.2}{\376\377\000T\000h\000e\000\040\000D\000i\000s\000c\000o\000u\000n\000t\000e\000d\000\040\000H\000y\000p\000e\000r\000b\000o\000l\000i\000c\000\040\000S\000t\000r\000a\000i\000g\000h\000t\000-\000T\000h\000r\000o\000u\000g\000h\000\040\000E\000s\000t\000i\000m\000a\000t\000o\000r}{chapter.4}% 18
\BOOKMARK [1][-]{section.4.3}{\376\377\000A\000s\000s\000e\000m\000b\000l\000i\000n\000g\000\040\000t\000h\000e\000\040\000G\000e\000o\000m\000e\000t\000r\000y\000-\000a\000w\000a\000r\000e\000\040\000H\000y\000p\000e\000r\000b\000o\000l\000i\000c\000\040\000R\000e\000s\000i\000d\000u\000a\000l\000\040\000Q\000u\000a\000n\000t\000i\000z\000a\000t\000i\000o\000n\000\040\000m\000o\000d\000u\000l\000e}{chapter.4}% 19
\BOOKMARK [0][-]{chapter.5}{\376\377\000E\000x\000p\000e\000r\000i\000m\000e\000n\000t\000a\000l\000\040\000S\000e\000t\000u\000p}{}% 20
\BOOKMARK [1][-]{section.5.1}{\376\377\000C\000o\000m\000p\000a\000r\000e\000d\000\040\000Q\000u\000a\000n\000t\000i\000z\000e\000r\000\040\000C\000o\000n\000f\000i\000g\000u\000r\000a\000t\000i\000o\000n\000s}{chapter.5}% 21
\BOOKMARK [1][-]{section.5.2}{\376\377\000T\000a\000s\000k\000s\000\040\000a\000n\000d\000\040\000D\000a\000t\000a\000s\000e\000t\000s}{chapter.5}% 22
\BOOKMARK [2][-]{subsection.5.2.1}{\376\377\000I\000m\000a\000g\000e\000\040\000R\000e\000c\000o\000n\000s\000t\000r\000u\000c\000t\000i\000o\000n\000\040\000a\000n\000d\000\040\000G\000e\000n\000e\000r\000a\000t\000i\000o\000n}{section.5.2}% 23
\BOOKMARK [2][-]{subsection.5.2.2}{\376\377\000L\000a\000n\000g\000u\000a\000g\000e\000\040\000H\000i\000e\000r\000a\000r\000c\000h\000y\000\040\000E\000m\000b\000e\000d\000d\000i\000n\000g}{section.5.2}% 24
\BOOKMARK [2][-]{subsection.5.2.3}{\376\377\000S\000e\000q\000u\000e\000n\000t\000i\000a\000l\000\040\000R\000e\000c\000o\000m\000m\000e\000n\000d\000a\000t\000i\000o\000n}{section.5.2}% 25
\BOOKMARK [2][-]{subsection.5.2.4}{\376\377\000N\000e\000u\000r\000a\000l\000\040\000A\000u\000d\000i\000o\000\040\000C\000o\000d\000i\000n\000g}{section.5.2}% 26
\BOOKMARK [1][-]{section.5.3}{\376\377\000M\000o\000d\000e\000l\000\040\000A\000r\000c\000h\000i\000t\000e\000c\000t\000u\000r\000e\000s}{chapter.5}% 27
\BOOKMARK [1][-]{section.5.4}{\376\377\000T\000r\000a\000i\000n\000i\000n\000g\000\040\000a\000n\000d\000\040\000H\000y\000p\000e\000r\000p\000a\000r\000a\000m\000e\000t\000e\000r\000s}{chapter.5}% 28
\BOOKMARK [1][-]{section.5.5}{\376\377\000E\000v\000a\000l\000u\000a\000t\000i\000o\000n\000\040\000M\000e\000t\000r\000i\000c\000s}{chapter.5}% 29
\BOOKMARK [1][-]{section.5.6}{\376\377\000I\000m\000p\000l\000e\000m\000e\000n\000t\000a\000t\000i\000o\000n\000\040\000a\000n\000d\000\040\000T\000o\000o\000l\000s}{chapter.5}% 30
\BOOKMARK [0][-]{chapter.6}{\376\377\000R\000e\000s\000u\000l\000t\000s}{}% 31
\BOOKMARK [1][-]{section.6.1}{\376\377\000E\000s\000t\000a\000b\000l\000i\000s\000h\000e\000d\000\040\000H\000i\000e\000r\000a\000r\000c\000h\000y\000:\000\040\000W\000o\000r\000d\000N\000e\000t\000\040\000M\000o\000d\000e\000l\000i\000n\000g\000\040\000a\000n\000d\000\040\000R\000e\000c\000o\000m\000m\000e\000n\000d\000a\000t\000i\000o\000n\000\040\000D\000i\000s\000c\000o\000v\000e\000r\000y}{chapter.6}% 32
\BOOKMARK [1][-]{section.6.2}{\376\377\000I\000m\000a\000g\000e\000\040\000R\000e\000c\000o\000n\000s\000t\000r\000u\000c\000t\000i\000o\000n\000,\000\040\000H\000i\000e\000r\000a\000r\000c\000h\000y\000,\000\040\000a\000n\000d\000\040\000G\000e\000n\000e\000r\000a\000t\000i\000o\000n}{chapter.6}% 33
\BOOKMARK [1][-]{section.6.3}{\376\377\000N\000e\000u\000r\000a\000l\000\040\000A\000u\000d\000i\000o\000\040\000C\000o\000d\000i\000n\000g}{chapter.6}% 34
\BOOKMARK [1][-]{section.6.4}{\376\377\000R\000e\000s\000i\000d\000u\000a\000l\000\040\000R\000e\000c\000o\000n\000s\000t\000r\000u\000c\000t\000i\000o\000n\000\040\000E\000r\000r\000o\000r\000\040\000A\000c\000r\000o\000s\000s\000\040\000T\000a\000s\000k\000s}{chapter.6}% 35
\BOOKMARK [1][-]{section.6.5}{\376\377\000S\000u\000m\000m\000a\000r\000y}{chapter.6}% 36
\BOOKMARK [0][-]{chapter.7}{\376\377\000A\000b\000l\000a\000t\000i\000o\000n\000s}{}% 37
\BOOKMARK [1][-]{section.7.1}{\376\377\000C\000o\000m\000p\000o\000n\000e\000n\000t\000\040\000a\000b\000l\000a\000t\000i\000o\000n\000:\000\040\000H\000y\000p\000e\000r\000b\000o\000l\000i\000c\000\040\000R\000e\000s\000i\000d\000u\000a\000l\000\040\000A\000g\000g\000r\000e\000g\000a\000t\000i\000o\000n\000\040\000v\000e\000r\000s\000u\000s\000\040\000d\000i\000s\000c\000o\000u\000n\000t\000e\000d\000\040\000H\000y\000p\000e\000r\000b\000o\000l\000i\000c\000\040\000S\000t\000r\000a\000i\000g\000h\000t\000-\000T\000h\000r\000o\000u\000g\000h\000\040\000E\000s\000t\000i\000m\000a\000t\000o\000r}{chapter.7}% 38
\BOOKMARK [2][-]{subsection.7.1.1}{\376\377\000T\000h\000e\000\040\000s\000a\000m\000e\000\040\000a\000b\000l\000a\000t\000i\000o\000n\000\040\000o\000n\000\040\000t\000h\000e\000\040\000i\000m\000a\000g\000e\000\040\000t\000a\000s\000k\000s}{section.7.1}% 39
\BOOKMARK [0][-]{chapter.8}{\376\377\000C\000o\000n\000c\000l\000u\000s\000i\000o\000n\000s}{}% 40
\BOOKMARK [0][-]{appendix.A}{\376\377\000O\000p\000t\000i\000o\000n\000a\000l\000\040\000a\000p\000p\000e\000n\000d\000i\000x}{}% 41
\BOOKMARK [0][-]{appendix.B}{\376\377\000M\000e\000t\000h\000o\000d\000\040\000F\000a\000i\000l\000u\000r\000e\000s\000\040\000A\000n\000a\000l\000y\000s\000i\000s}{}% 42
\BOOKMARK [1][-]{section.B.1}{\376\377\000F\000o\000r\000w\000a\000r\000d\000\040\000f\000a\000i\000l\000u\000r\000e\000:\000\040\000n\000o\000n\000-\000t\000e\000l\000e\000s\000c\000o\000p\000i\000n\000g\000\040\000r\000e\000s\000i\000d\000u\000a\000l\000\040\000c\000a\000s\000c\000a\000d\000e}{appendix.B}% 43
\BOOKMARK [1][-]{section.B.2}{\376\377\000B\000a\000c\000k\000w\000a\000r\000d\000\040\000f\000a\000i\000l\000u\000r\000e\000s\000:\000\040\000w\000r\000o\000n\000g\000\040\000a\000n\000d\000\040\000c\000u\000m\000u\000l\000a\000t\000i\000v\000e\000\040\000g\000r\000a\000d\000i\000e\000n\000t}{appendix.B}% 44
\BOOKMARK [1][-]{section.B.3}{\376\377\000N\000u\000m\000e\000r\000i\000c\000a\000l\000l\000y\000\040\000s\000t\000a\000b\000l\000e\000\040\000g\000y\000r\000a\000t\000i\000o\000n\000\040\000i\000n\000\040\000t\000h\000e\000\040\000H\000S\000T\000E\000\040\000b\000a\000c\000k\000w\000a\000r\000d\000\040\000p\000a\000s\000s}{appendix.B}% 45
\BOOKMARK [1][-]{section.B.4}{\376\377\000T\000h\000e\000\040\000l\000e\000a\000k\000e\000d\000\040\000r\000e\000s\000i\000d\000u\000a\000l\000\040\000g\000r\000a\000d\000i\000e\000n\000t\000\040\000i\000s\000\040\000i\000n\000f\000o\000r\000m\000a\000t\000i\000v\000e\000\040\000a\000t\000\040\000s\000h\000a\000l\000l\000o\000w\000\040\000d\000e\000p\000t\000h}{appendix.B}% 46
