This is pdfTeX, Version 3.14159265-2.6-1.40.21 (TeX Live 2020) (preloaded format=pdflatex)
 restricted \write18 enabled.
entering extended mode
(./title-page-ai.tex
LaTeX2e <2020-10-01> patch level 4
L3 programming layer <2021-02-18>
(/usr/share/texlive/texmf-dist/tex/latex/base/report.cls
Document Class: report 2020/04/10 v1.4m Standard LaTeX document class
(/usr/share/texlive/texmf-dist/tex/latex/base/size12.clo))
(/usr/share/texlive/texmf-dist/tex/latex/graphics/graphicx.sty
(/usr/share/texlive/texmf-dist/tex/latex/graphics/keyval.sty)
(/usr/share/texlive/texmf-dist/tex/latex/graphics/graphics.sty
(/usr/share/texlive/texmf-dist/tex/latex/graphics/trig.sty)
(/usr/share/texlive/texmf-dist/tex/latex/graphics-cfg/graphics.cfg)
(/usr/share/texlive/texmf-dist/tex/latex/graphics-def/pdftex.def)))
(/usr/share/texlive/texmf-dist/tex/latex/graphics/color.sty
(/usr/share/texlive/texmf-dist/tex/latex/graphics-cfg/color.cfg))
(/usr/share/texlive/texmf-dist/tex/latex/base/fontenc.sty)
(/usr/share/texlive/texmf-dist/tex/latex/base/inputenc.sty)
(/usr/share/texlive/texmf-dist/tex/generic/babel/babel.sty
(/usr/share/texlive/texmf-dist/tex/generic/babel/babel.def
(/usr/share/texlive/texmf-dist/tex/generic/babel/txtbabel.def))
(/usr/share/texlive/texmf-dist/tex/generic/babel-english/english.ldf))
(/usr/share/texlive/texmf-dist/tex/latex/geometry/geometry.sty
(/usr/share/texlive/texmf-dist/tex/generic/iftex/ifvtex.sty
(/usr/share/texlive/texmf-dist/tex/generic/iftex/iftex.sty)))
(/usr/share/texlive/texmf-dist/tex/latex/amsmath/amsmath.sty
For additional information on amsmath, use the `?' option.
(/usr/share/texlive/texmf-dist/tex/latex/amsmath/amstext.sty
(/usr/share/texlive/texmf-dist/tex/latex/amsmath/amsgen.sty))
(/usr/share/texlive/texmf-dist/tex/latex/amsmath/amsbsy.sty)
(/usr/share/texlive/texmf-dist/tex/latex/amsmath/amsopn.sty))
(/usr/share/texlive/texmf-dist/tex/latex/amsfonts/amssymb.sty
(/usr/share/texlive/texmf-dist/tex/latex/amsfonts/amsfonts.sty))
(/usr/share/texlive/texmf-dist/tex/latex/url/url.sty)
(/usr/share/texlive/texmf-dist/tex/latex/hyperref/hyperref.sty
(/usr/share/texlive/texmf-dist/tex/generic/ltxcmds/ltxcmds.sty)
(/usr/share/texlive/texmf-dist/tex/generic/pdftexcmds/pdftexcmds.sty
(/usr/share/texlive/texmf-dist/tex/generic/infwarerr/infwarerr.sty))
(/usr/share/texlive/texmf-dist/tex/generic/kvsetkeys/kvsetkeys.sty)
(/usr/share/texlive/texmf-dist/tex/generic/kvdefinekeys/kvdefinekeys.sty)
(/usr/share/texlive/texmf-dist/tex/generic/pdfescape/pdfescape.sty)
(/usr/share/texlive/texmf-dist/tex/latex/hycolor/hycolor.sty)
(/usr/share/texlive/texmf-dist/tex/latex/letltxmacro/letltxmacro.sty)
(/usr/share/texlive/texmf-dist/tex/latex/auxhook/auxhook.sty)
(/usr/share/texlive/texmf-dist/tex/latex/kvoptions/kvoptions.sty)
(/usr/share/texlive/texmf-dist/tex/latex/hyperref/pd1enc.def)
(/usr/share/texlive/texmf-dist/tex/latex/hyperref/hyperref-langpatches.def)
(/usr/share/texlive/texmf-dist/tex/generic/intcalc/intcalc.sty)
(/usr/share/texlive/texmf-dist/tex/generic/etexcmds/etexcmds.sty)
(/usr/share/texlive/texmf-dist/tex/latex/hyperref/puenc.def)
(/usr/share/texlive/texmf-dist/tex/generic/bitset/bitset.sty
(/usr/share/texlive/texmf-dist/tex/generic/bigintcalc/bigintcalc.sty))
(/usr/share/texlive/texmf-dist/tex/latex/base/atbegshi-ltx.sty))
(/usr/share/texlive/texmf-dist/tex/latex/hyperref/hpdftex.def
(/usr/share/texlive/texmf-dist/tex/latex/base/atveryend-ltx.sty)
(/usr/share/texlive/texmf-dist/tex/latex/rerunfilecheck/rerunfilecheck.sty
(/usr/share/texlive/texmf-dist/tex/generic/uniquecounter/uniquecounter.sty)))
(/home/acolombo/texmf/tex/latex/cleveref/cleveref.sty)
(/usr/share/texlive/texmf-dist/tex/latex/float/float.sty)
(/usr/share/texlive/texmf-dist/tex/latex/l3backend/l3backend-pdftex.def)
(./title-page-ai.aux)
(/usr/share/texlive/texmf-dist/tex/context/base/mkii/supp-pdf.mkii
[Loading MPS to PDF converter (version 2006.09.02).]
) (/usr/share/texlive/texmf-dist/tex/latex/epstopdf-pkg/epstopdf-base.sty
(/usr/share/texlive/texmf-dist/tex/latex/latexconfig/epstopdf-sys.cfg))
*geometry* driver: auto-detecting
*geometry* detected driver: pdftex
(/usr/share/texlive/texmf-dist/tex/latex/hyperref/nameref.sty
(/usr/share/texlive/texmf-dist/tex/latex/refcount/refcount.sty)
(/usr/share/texlive/texmf-dist/tex/generic/gettitlestring/gettitlestring.sty))
(./title-page-ai.out) (./title-page-ai.out) [1{/usr/share/texlive/texmf-dist/fo
nts/map/pdftex/updmap/pdftex.map} <./uvalogo_regular_p_nl-eps-converted-to.pdf>
] (./title-page-ai.toc
(/usr/share/texlive/texmf-dist/tex/latex/amsfonts/umsa.fd)
(/usr/share/texlive/texmf-dist/tex/latex/amsfonts/umsb.fd) [1]) [2]pdfTeX warni
ng (ext4): destination with the same identifier (name{page.i}) has been already
 used, duplicate ignored
<to be read again> 
                   \relax 
l.181 \end{abstract}
                     [1]
Chapter 1.
pdfTeX warning (ext4): destination with the same identifier (name{page.1}) has 
been already used, duplicate ignored
<to be read again> 
                   \relax 
l.197 
       [1] [2]
Chapter 2.
[3] [4] [5]
Chapter 3.
[6] [7] [8] [9]
Chapter 4.
[10]

LaTeX Warning: No positions in optional float specifier.
               Default added (so using `tbp') on input line 381.

[11] [12pdfTeX warning (ext4): destination with the same identifier (name{figur
e.4.1}) has been already used, duplicate ignored
<argument> ...shipout:D \box_use:N \l_shipout_box 
                                                  
l.411 \begin{equation}
                       <./thesis/aggregation.png>] [13]
Chapter 5.
(/usr/share/texlive/texmf-dist/tex/latex/base/t1cmtt.fd) [14] [15]
Overfull \hbox (45.6378pt too wide) in paragraph at lines 463--464
\T1/cmr/m/n/12 The au-dio eval-u-a-tion em-ploys a SoundStream-style neu-ral co
dec [[], []] trained on the \T1/cmtt/m/n/12 train-clean-100
[16] [17]
Chapter 6.
[18pdfTeX warning (ext4): destination with the same identifier (name{table.6.1}
) has been already used, duplicate ignored
<argument> ...shipout:D \box_use:N \l_shipout_box 
                                                  
l.540 \end{table}
                 ] [19pdfTeX warning (ext4): destination with the same identifi
er (name{table.6.2}) has been already used, duplicate ignored
<argument> ...shipout:D \box_use:N \l_shipout_box 
                                                  
l.570 
      pdfTeX warning (ext4): destination with the same identifier (name{table.6
.3}) has been already used, duplicate ignored
<argument> ...shipout:D \box_use:N \l_shipout_box 
                                                  
l.570 
      ] [20pdfTeX warning (ext4): destination with the same identifier (name{ta
ble.6.4}) has been already used, duplicate ignored
<argument> ...shipout:D \box_use:N \l_shipout_box 
                                                  
l.624 
      pdfTeX warning (ext4): destination with the same identifier (name{table.6
.5}) has been already used, duplicate ignored
<argument> ...shipout:D \box_use:N \l_shipout_box 
                                                  
l.624 
      pdfTeX warning (ext4): destination with the same identifier (name{table.6
.6}) has been already used, duplicate ignored
<argument> ...shipout:D \box_use:N \l_shipout_box 
                                                  
l.624 
      ]
Overfull \hbox (0.46954pt too wide) in paragraph at lines 638--639
 []\T1/cmr/bx/n/12 Perceptual Qual-ity and Di-men-sion-al-ity.[] \T1/cmr/m/n/12
 Ta-ble [][]6.7[][] presents the per-cep-tual rate--distortion

Overfull \hbox (15.6228pt too wide) in paragraph at lines 638--639
\T1/cmr/m/n/12 yields the high-est per-cep-tual qual-ity across all eval-u-ated
 di-men-sion-al-i-ties ($\OML/cmm/m/it/12 d \OMS/cmsy/m/n/12 2 f\OT1/cmr/m/n/12
 8\OML/cmm/m/it/12 ; \OT1/cmr/m/n/12 32\OML/cmm/m/it/12 ; \OT1/cmr/m/n/12 64\OM
L/cmm/m/it/12 ; \OT1/cmr/m/n/12 128\OML/cmm/m/it/12 ; \OT1/cmr/m/n/12 512\OMS/c
msy/m/n/12 g$\T1/cmr/m/n/12 ),
[21]
Underfull \hbox (badness 2635) in paragraph at lines 666--666
[]\T1/cmr/m/n/12 Figure 6.1: []Rate--distortion per-for-mance across vary-ing q
uan-ti-za-tion depths ($\OML/cmm/m/it/12 n[] \OMS/cmsy/m/n/12 2
[22pdfTeX warning (ext4): destination with the same identifier (name{table.6.7}
) has been already used, duplicate ignored
<argument> ...shipout:D \box_use:N \l_shipout_box 
                                                  
l.674 
      pdfTeX warning (ext4): destination with the same identifier (name{figure.
6.1}) has been already used, duplicate ignored
<argument> ...shipout:D \box_use:N \l_shipout_box 
                                                  
l.674 
       <./thesis/audio_rd_curves.pdf>] [23pdfTeX warning (ext4): destination wi
th the same identifier (name{table.6.8}) has been already used, duplicate ignor
ed
<argument> ...shipout:D \box_use:N \l_shipout_box 
                                                  
l.706 
      ] [24pdfTeX warning (ext4): destination with the same identifier (name{ta
ble.6.9}) has been already used, duplicate ignored
<argument> ...shipout:D \box_use:N \l_shipout_box 
                                                  
l.743 \end{table}
                 ] [25pdfTeX warning (ext4): destination with the same identifi
er (name{table.6.10}) has been already used, duplicate ignored
<argument> ...shipout:D \box_use:N \l_shipout_box 
                                                  
l.745 \chapter
              {Ablations}]
Chapter 7.
[26pdfTeX warning (ext4): destination with the same identifier (name{table.7.1}
) has been already used, duplicate ignored
<argument> ...shipout:D \box_use:N \l_shipout_box 
                                                  
l.777 
      ] [27pdfTeX warning (ext4): destination with the same identifier (name{ta
ble.7.2}) has been already used, duplicate ignored
<argument> ...shipout:D \box_use:N \l_shipout_box 
                                                  
l.815 \chapter
              {Conclusions}pdfTeX warning (ext4): destination with the same ide
ntifier (name{table.7.3}) has been already used, duplicate ignored
<argument> ...shipout:D \box_use:N \l_shipout_box 
                                                  
l.815 \chapter
              {Conclusions}]
Chapter 8.
[28]
Appendix A.
[29] [30] [31pdfTeX warning (ext4): destination with the same identifier (name{
figure.A.1}) has been already used, duplicate ignored
<argument> ...shipout:D \box_use:N \l_shipout_box 
                                                  
l.908 \end{equation}
                     <./thesis/scheme.png>] [32] (./title-page-ai.bbl [33]
[34] [35]) [36] (./title-page-ai.aux)

LaTeX Warning: Label(s) may have changed. Rerun to get cross-references right.

 )
(see the transcript file for additional information){/usr/share/texlive/texmf-d
ist/fonts/enc/dvips/cm-super/cm-super-ts1.enc}{/usr/share/texlive/texmf-dist/fo
nts/enc/dvips/cm-super/cm-super-t1.enc}</usr/share/texlive/texmf-dist/fonts/typ
e1/public/amsfonts/cm/cmbx12.pfb></usr/share/texlive/texmf-dist/fonts/type1/pub
lic/amsfonts/cm/cmex10.pfb></usr/share/texlive/texmf-dist/fonts/type1/public/am
sfonts/cm/cmmi12.pfb></usr/share/texlive/texmf-dist/fonts/type1/public/amsfonts
/cm/cmmi6.pfb></usr/share/texlive/texmf-dist/fonts/type1/public/amsfonts/cm/cmm
i8.pfb></usr/share/texlive/texmf-dist/fonts/type1/public/amsfonts/cm/cmr12.pfb>
</usr/share/texlive/texmf-dist/fonts/type1/public/amsfonts/cm/cmr6.pfb></usr/sh
are/texlive/texmf-dist/fonts/type1/public/amsfonts/cm/cmr8.pfb></usr/share/texl
ive/texmf-dist/fonts/type1/public/amsfonts/cm/cmsy10.pfb></usr/share/texlive/te
xmf-dist/fonts/type1/public/amsfonts/cm/cmsy6.pfb></usr/share/texlive/texmf-dis
t/fonts/type1/public/amsfonts/cm/cmsy8.pfb></usr/share/texlive/texmf-dist/fonts
/type1/public/amsfonts/symbols/msam10.pfb></usr/share/texlive/texmf-dist/fonts/
type1/public/amsfonts/symbols/msbm10.pfb></usr/share/texlive/texmf-dist/fonts/t
ype1/public/cm-super/sfbx1200.pfb></usr/share/texlive/texmf-dist/fonts/type1/pu
blic/cm-super/sfbx1440.pfb></usr/share/texlive/texmf-dist/fonts/type1/public/cm
-super/sfbx1728.pfb></usr/share/texlive/texmf-dist/fonts/type1/public/cm-super/
sfbx2488.pfb></usr/share/texlive/texmf-dist/fonts/type1/public/cm-super/sfcc172
8.pfb></usr/share/texlive/texmf-dist/fonts/type1/public/cm-super/sfrm0700.pfb><
/usr/share/texlive/texmf-dist/fonts/type1/public/cm-super/sfrm0800.pfb></usr/sh
are/texlive/texmf-dist/fonts/type1/public/cm-super/sfrm1000.pfb></usr/share/tex
live/texmf-dist/fonts/type1/public/cm-super/sfrm1200.pfb></usr/share/texlive/te
xmf-dist/fonts/type1/public/cm-super/sfrm1440.pfb></usr/share/texlive/texmf-dis
t/fonts/type1/public/cm-super/sfrm1728.pfb></usr/share/texlive/texmf-dist/fonts
/type1/public/cm-super/sfti1200.pfb></usr/share/texlive/texmf-dist/fonts/type1/
public/cm-super/sfti1440.pfb></usr/share/texlive/texmf-dist/fonts/type1/public/
cm-super/sftt1000.pfb></usr/share/texlive/texmf-dist/fonts/type1/public/cm-supe
r/sftt1200.pfb>
Output written on title-page-ai.pdf (40 pages, 887643 bytes).
Transcript written on title-page-ai.log.
